--- Telegram Scrape Report ---
Timestamp: 2025-07-31 03:30:55
Total Channels: 92
Successful Scrapes: 50
Failed Scrapes: 18

--- Channels with Found Configs ---
GalaxyMVPN: 197 configs
freakconfig: 179 configs
v2rayng_1378: 154 configs
sockss_http: 134 configs
Tweety_Proxy: 82 configs
vpnod: 77 configs
ZibaNabz: 73 configs
freenet_melli: 54 configs
bored_vpn: 51 configs
vmessorg: 45 configs
freev2rng: 44 configs
shadowproxy66: 42 configs
ShadowProxy66: 42 configs
itenvpn: 40 configs
evay_vpn: 39 configs
expressvpn_420: 35 configs
v2ra_config: 34 configs
capoit: 31 configs
meliconfing: 27 configs
configx2ray: 26 configs
Greenvpn2: 26 configs
ConfigX2ray: 26 configs
spikevpn: 24 configs
v2rayfast_7: 24 configs
ConfigsHubPlus: 20 configs
Farah_VPN: 20 configs
arv2ray: 19 configs
lexernet: 19 configs
tehranargo: 18 configs
vistav2ray: 18 configs
WarV2Ray: 17 configs
masterserver1: 16 configs
PASARGAD_V2rayNG: 12 configs
v2raymelliii: 12 configs
mcv2rayng: 11 configs
SafeNet_Server: 11 configs
nufilter: 10 configs
vpnkanfik: 10 configs
DALTON_PING: 9 configs
dalton_ping: 9 configs
DailyV2Config: 9 configs
isvvpn: 8 configs
confingv2raayng: 7 configs
vpnpacket: 7 configs
Subify_ir: 7 configs
fnet00: 6 configs
sinavm: 6 configs
v2ray_god: 5 configs
PRIMESOBI: 5 configs
colsvpn: 2 configs

--- Failed Channels ---
ChatNakon_Confings
ProxyMars_GP
befreewithus
blueshekan
cybersoldiersst
dailyv2ry
ghalagyann
godot404
iMTProto
ineronix
mdvpnsec
meli_proxyy
proxystore11
proxyy_1404
skivpn
summertimeus
v2ngfast
v2ray_rolly
